[dotenv@17.2.3] injecting env (6) from .env -- tip: 🔐 prevent committing .env to code: https://dotenvx.com/precommit
Using OpenRouter with provided key...
Using MANUAL Simple Payload
Payload Length: 2
Calling generateText via OpenRouter...
Test failed: {
  "name": "AI_APICallError",
  "url": "https://openrouter.ai/api/v1/responses",
  "requestBodyValues": {
    "model": "openai/gpt-3.5-turbo",
    "input": [
      {
        "role": "user",
        "content": [
          {
            "type": "input_text",
            "text": "Hello"
          }
        ]
      },
      {
        "role": "assistant",
        "content": [
          {
            "type": "output_text",
            "text": "Hi there!"
          }
        ]
      }
    ]
  },
  "statusCode": 400,
  "responseHeaders": {
    "access-control-allow-origin": "*",
    "cf-ray": "9c2737d06b8b2d42-MAA",
    "connection": "keep-alive",
    "content-type": "application/json",
    "date": "Fri, 23 Jan 2026 12:15:42 GMT",
    "permissions-policy": "payment=(self \"https://checkout.stripe.com\" \"https://connect-js.stripe.com\" \"https://js.stripe.com\" \"https://*.js.stripe.com\" \"https://hooks.stripe.com\")",
    "referrer-policy": "no-referrer, strict-origin-when-cross-origin",
    "server": "cloudflare",
    "transfer-encoding": "chunked",
    "vary": "Accept-Encoding",
    "x-content-type-options": "nosniff"
  },
  "responseBody": "{\"success\":false,\"error\":{\"name\":\"ZodError\",\"message\":\"[\\n  {\\n    \\\"code\\\": \\\"invalid_union\\\",\\n    \\\"errors\\\": [\\n      [\\n        {\\n          \\\"expected\\\": \\\"string\\\",\\n          \\\"code\\\": \\\"invalid_type\\\",\\n          \\\"path\\\": [],\\n          \\\"message\\\": \\\"Invalid input: expected string, received array\\\"\\n        }\\n      ],\\n      [\\n        {\\n          \\\"code\\\": \\\"invalid_union\\\",\\n          \\\"errors\\\": [\\n            [\\n              {\\n                \\\"code\\\": \\\"invalid_value\\\",\\n                \\\"values\\\": [\\n                  \\\"reasoning\\\"\\n                ],\\n                \\\"path\\\": [\\n                  \\\"type\\\"\\n                ],\\n                \\\"message\\\": \\\"Invalid input: expected \\\\\\\"reasoning\\\\\\\"\\\"\\n              },\\n              {\\n                \\\"expected\\\": \\\"string\\\",\\n                \\\"code\\\": \\\"invalid_type\\\",\\n                \\\"path\\\": [\\n                  \\\"id\\\"\\n                ],\\n                \\\"message\\\": \\\"Invalid input: expected string, received undefined\\\"\\n              },\\n              {\\n                \\\"code\\\": \\\"invalid_value\\\",\\n                \\\"values\\\": [\\n                  \\\"reasoning_text\\\"\\n                ],\\n                \\\"path\\\": [\\n                  \\\"content\\\",\\n                  0,\\n                  \\\"type\\\"\\n                ],\\n                \\\"message\\\": \\\"Invalid input: expected \\\\\\\"reasoning_text\\\\\\\"\\\"\\n              },\\n              {\\n                \\\"expected\\\": \\\"array\\\",\\n                \\\"code\\\": \\\"invalid_type\\\",\\n                \\\"path\\\": [\\n                  \\\"summary\\\"\\n                ],\\n                \\\"message\\\": \\\"Invalid input: expected array, received undefined\\\"\\n              }\\n            ],\\n            [\\n              {\\n                \\\"code\\\": \\\"invalid_union\\\",\\n                \\\"errors\\\": [\\n                  [\\n                    {\\n                      \\\"code\\\": \\\"invalid_union\\\",\\n                      \\\"errors\\\": [],\\n                      \\\"note\\\": \\\"No matching discriminator\\\",\\n                      \\\"discriminator\\\": \\\"type\\\",\\n                      \\\"path\\\": [\\n                        0,\\n                        \\\"type\\\"\\n                      ],\\n                      \\\"message\\\": \\\"Invalid input\\\"\\n                    }\\n                  ],\\n                  [\\n                    {\\n                      \\\"expected\\\": \\\"string\\\",\\n                      \\\"code\\\": \\\"invalid_type\\\",\\n                      \\\"path\\\": [],\\n                      \\\"message\\\": \\\"Invalid input: expected string, received array\\\"\\n                    }\\n                  ]\\n                ],\\n                \\\"path\\\": [\\n                  \\\"content\\\"\\n                ],\\n                \\\"message\\\": \\\"Invalid input\\\"\\n              }\\n            ],\\n            [\\n              {\\n                \\\"code\\\": \\\"invalid_union\\\",\\n                \\\"errors\\\": [\\n                  [\\n                    {\\n                      \\\"code\\\": \\\"invalid_value\\\",\\n                      \\\"values\\\": [\\n                        \\\"user\\\"\\n                      ],\\n                      \\\"path\\\": [],\\n                      \\\"message\\\": \\\"Invalid input: expected \\\\\\\"user\\\\\\\"\\\"\\n                    }\\n                  ],\\n                  [\\n                    {\\n                      \\\"code\\\": \\\"invalid_value\\\",\\n                      \\\"values\\\": [\\n                        \\\"system\\\"\\n                      ],\\n                      \\\"path\\\": [],\\n                      \\\"message\\\": \\\"Invalid input: expected \\\\\\\"system\\\\\\\"\\\"\\n                    }\\n                  ],\\n                  [\\n                    {\\n                      \\\"code\\\": \\\"invalid_value\\\",\\n                      \\\"values\\\": [\\n                        \\\"developer\\\"\\n                      ],\\n                      \\\"path\\\": [],\\n                      \\\"message\\\": \\\"Invalid input: expected \\\\\\\"developer\\\\\\\"\\\"\\n                    }\\n                  ]\\n                ],\\n                \\\"path\\\": [\\n                  \\\"role\\\"\\n                ],\\n                \\\"message\\\": \\\"Invalid input\\\"\\n              },\\n              {\\n                \\\"code\\\": \\\"invalid_union\\\",\\n                \\\"errors\\\": [],\\n                \\\"note\\\": \\\"No matching discriminator\\\",\\n                \\\"discriminator\\\": \\\"type\\\",\\n                \\\"path\\\": [\\n                  \\\"content\\\",\\n                  0,\\n                  \\\"type\\\"\\n                ],\\n                \\\"message\\\": \\\"Invalid input\\\"\\n              }\\n            ],\\n            [\\n              {\\n                \\\"code\\\": \\\"invalid_value\\\",\\n                \\\"values\\\": [\\n                  \\\"function_call\\\"\\n                ],\\n                \\\"path\\\": [\\n                  \\\"type\\\"\\n                ],\\n                \\\"message\\\": \\\"Invalid input: expected \\\\\\\"function_call\\\\\\\"\\\"\\n              },\\n              {\\n                \\\"expected\\\": \\\"string\\\",\\n                \\\"code\\\": \\\"invalid_type\\\",\\n                \\\"path\\\": [\\n                  \\\"call_id\\\"\\n                ],\\n                \\\"message\\\": \\\"Invalid input: expected string, received undefined\\\"\\n              },\\n              {\\n                \\\"expected\\\": \\\"string\\\",\\n                \\\"code\\\": \\\"invalid_type\\\",\\n                \\\"path\\\": [\\n                  \\\"name\\\"\\n                ],\\n                \\\"message\\\": \\\"Invalid input: expected string, received undefined\\\"\\n              },\\n              {\\n                \\\"expected\\\": \\\"string\\\",\\n                \\\"code\\\": \\\"invalid_type\\\",\\n                \\\"path\\\": [\\n                  \\\"arguments\\\"\\n                ],\\n                \\\"message\\\": \\\"Invalid input: expected string, received undefined\\\"\\n              },\\n              {\\n                \\\"expected\\\": \\\"string\\\",\\n                \\\"code\\\": \\\"invalid_type\\\",\\n                \\\"path\\\": [\\n                  \\\"id\\\"\\n                ],\\n                \\\"message\\\": \\\"Invalid input: expected string, received undefined\\\"\\n              }\\n            ],\\n            [\\n              {\\n                \\\"code\\\": \\\"invalid_value\\\",\\n                \\\"values\\\": [\\n                  \\\"function_call_output\\\"\\n                ],\\n                \\\"path\\\": [\\n                  \\\"type\\\"\\n                ],\\n                \\\"message\\\": \\\"Invalid input: expected \\\\\\\"function_call_output\\\\\\\"\\\"\\n              },\\n              {\\n                \\\"expected\\\": \\\"string\\\",\\n                \\\"code\\\": \\\"invalid_type\\\",\\n                \\\"path\\\": [\\n                  \\\"call_id\\\"\\n                ],\\n                \\\"message\\\": \\\"Invalid input: expected string, received undefined\\\"\\n              },\\n              {\\n                \\\"expected\\\": \\\"string\\\",\\n                \\\"code\\\": \\\"invalid_type\\\",\\n                \\\"path\\\": [\\n                  \\\"output\\\"\\n                ],\\n                \\\"message\\\": \\\"Invalid input: expected string, received undefined\\\"\\n              }\\n            ],\\n            [\\n              {\\n                \\\"code\\\": \\\"invalid_union\\\",\\n                \\\"errors\\\": [\\n                  [\\n                    {\\n                      \\\"code\\\": \\\"invalid_value\\\",\\n                      \\\"values\\\": [\\n                        \\\"message\\\"\\n                      ],\\n                      \\\"path\\\": [\\n                        \\\"type\\\"\\n                      ],\\n                      \\\"message\\\": \\\"Invalid input: expected \\\\\\\"message\\\\\\\"\\\"\\n                    }\\n                  ],\\n                  [\\n                    {\\n                      \\\"code\\\": \\\"invalid_value\\\",\\n                      \\\"values\\\": [\\n                        \\\"reasoning\\\"\\n                      ],\\n                      \\\"path\\\": [\\n                        \\\"type\\\"\\n                      ],\\n                      \\\"message\\\": \\\"Invalid input: expected \\\\\\\"reasoning\\\\\\\"\\\"\\n                    },\\n                    {\\n                      \\\"code\\\": \\\"invalid_value\\\",\\n                      \\\"values\\\": [\\n                        \\\"reasoning_text\\\"\\n                      ],\\n                      \\\"path\\\": [\\n                        \\\"content\\\",\\n                        0,\\n                        \\\"type\\\"\\n                      ],\\n                      \\\"message\\\": \\\"Invalid input: expected \\\\\\\"reasoning_text\\\\\\\"\\\"\\n                    },\\n                    {\\n                      \\\"expected\\\": \\\"array\\\",\\n                      \\\"code\\\": \\\"invalid_type\\\",\\n                      \\\"path\\\": [\\n                        \\\"summary\\\"\\n                      ],\\n                      \\\"message\\\": \\\"Invalid input: expected array, received undefined\\\"\\n                    }\\n                  ],\\n                  [\\n                    {\\n                      \\\"code\\\": \\\"invalid_value\\\",\\n                      \\\"values\\\": [\\n                        \\\"function_call\\\"\\n                      ],\\n                      \\\"path\\\": [\\n                        \\\"type\\\"\\n                      ],\\n                      \\\"message\\\": \\\"Invalid input: expected \\\\\\\"function_call\\\\\\\"\\\"\\n                    },\\n                    {\\n                      \\\"expected\\\": \\\"string\\\",\\n                      \\\"code\\\": \\\"invalid_type\\\",\\n                      \\\"path\\\": [\\n                        \\\"name\\\"\\n                      ],\\n                      \\\"message\\\": \\\"Invalid input: expected string, received undefined\\\"\\n                    },\\n                    {\\n                      \\\"expected\\\": \\\"string\\\",\\n                      \\\"code\\\": \\\"invalid_type\\\",\\n                      \\\"path\\\": [\\n                        \\\"arguments\\\"\\n                      ],\\n                      \\\"message\\\": \\\"Invalid input: expected string, received undefined\\\"\\n                    },\\n                    {\\n                      \\\"expected\\\": \\\"string\\\",\\n                      \\\"code\\\": \\\"invalid_type\\\",\\n                      \\\"path\\\": [\\n                        \\\"call_id\\\"\\n                      ],\\n                      \\\"message\\\": \\\"Invalid input: expected string, received undefined\\\"\\n                    }\\n                  ],\\n                  [\\n                    {\\n                      \\\"code\\\": \\\"invalid_value\\\",\\n                      \\\"values\\\": [\\n                        \\\"web_search_call\\\"\\n                      ],\\n                      \\\"path\\\": [\\n                        \\\"type\\\"\\n                      ],\\n                      \\\"message\\\": \\\"Invalid input: expected \\\\\\\"web_search_call\\\\\\\"\\\"\\n                    },\\n                    {\\n                      \\\"code\\\": \\\"invalid_value\\\",\\n                      \\\"values\\\": [\\n                        \\\"completed\\\",\\n                        \\\"searching\\\",\\n                        \\\"in_progress\\\",\\n                        \\\"failed\\\"\\n                      ],\\n                      \\\"path\\\": [\\n                        \\\"status\\\"\\n                      ],\\n                      \\\"message\\\": \\\"Invalid option: expected one of \\\\\\\"completed\\\\\\\"|\\\\\\\"searching\\\\\\\"|\\\\\\\"in_progress\\\\\\\"|\\\\\\\"failed\\\\\\\"\\\"\\n                    }\\n                  ],\\n                  [\\n                    {\\n                      \\\"code\\\": \\\"invalid_value\\\",\\n                      \\\"values\\\": [\\n                        \\\"file_search_call\\\"\\n                      ],\\n                      \\\"path\\\": [\\n                        \\\"type\\\"\\n                      ],\\n                      \\\"message\\\": \\\"Invalid input: expected \\\\\\\"file_search_call\\\\\\\"\\\"\\n                    },\\n                    {\\n                      \\\"expected\\\": \\\"array\\\",\\n                      \\\"code\\\": \\\"invalid_type\\\",\\n                      \\\"path\\\": [\\n                        \\\"queries\\\"\\n                      ],\\n                      \\\"message\\\": \\\"Invalid input: expected array, received undefined\\\"\\n                    },\\n                    {\\n                      \\\"code\\\": \\\"invalid_value\\\",\\n                      \\\"values\\\": [\\n                        \\\"completed\\\",\\n                        \\\"searching\\\",\\n                        \\\"in_progress\\\",\\n                        \\\"failed\\\"\\n                      ],\\n                      \\\"path\\\": [\\n                        \\\"status\\\"\\n                      ],\\n                      \\\"message\\\": \\\"Invalid option: expected one of \\\\\\\"completed\\\\\\\"|\\\\\\\"searching\\\\\\\"|\\\\\\\"in_progress\\\\\\\"|\\\\\\\"failed\\\\\\\"\\\"\\n                    }\\n                  ],\\n                  [\\n                    {\\n                      \\\"code\\\": \\\"invalid_value\\\",\\n                      \\\"values\\\": [\\n                        \\\"image_generation_call\\\"\\n                      ],\\n                      \\\"path\\\": [\\n                        \\\"type\\\"\\n                      ],\\n                      \\\"message\\\": \\\"Invalid input: expected \\\\\\\"image_generation_call\\\\\\\"\\\"\\n                    },\\n                    {\\n                      \\\"code\\\": \\\"invalid_value\\\",\\n                      \\\"values\\\": [\\n                        \\\"in_progress\\\",\\n                        \\\"completed\\\",\\n                        \\\"generating\\\",\\n                        \\\"failed\\\"\\n                      ],\\n                      \\\"path\\\": [\\n                        \\\"status\\\"\\n                      ],\\n                      \\\"message\\\": \\\"Invalid option: expected one of \\\\\\\"in_progress\\\\\\\"|\\\\\\\"completed\\\\\\\"|\\\\\\\"generating\\\\\\\"|\\\\\\\"failed\\\\\\\"\\\"\\n                    }\\n                  ]\\n                ],\\n                \\\"path\\\": [],\\n                \\\"message\\\": \\\"Invalid input\\\"\\n              }\\n            ]\\n          ],\\n          \\\"path\\\": [\\n            1\\n          ],\\n          \\\"message\\\": \\\"Invalid input\\\"\\n        }\\n      ]\\n    ],\\n    \\\"path\\\": [\\n      \\\"input\\\"\\n    ],\\n    \\\"message\\\": \\\"Invalid input\\\"\\n  }\\n]\"}}",
  "isRetryable": false,
  "data": {
    "error": {
      "message": "[\n  {\n    \"code\": \"invalid_union\",\n    \"errors\": [\n      [\n        {\n          \"expected\": \"string\",\n          \"code\": \"invalid_type\",\n          \"path\": [],\n          \"message\": \"Invalid input: expected string, received array\"\n        }\n      ],\n      [\n        {\n          \"code\": \"invalid_union\",\n          \"errors\": [\n            [\n              {\n                \"code\": \"invalid_value\",\n                \"values\": [\n                  \"reasoning\"\n                ],\n                \"path\": [\n                  \"type\"\n                ],\n                \"message\": \"Invalid input: expected \\\"reasoning\\\"\"\n              },\n              {\n                \"expected\": \"string\",\n                \"code\": \"invalid_type\",\n                \"path\": [\n                  \"id\"\n                ],\n                \"message\": \"Invalid input: expected string, received undefined\"\n              },\n              {\n                \"code\": \"invalid_value\",\n                \"values\": [\n                  \"reasoning_text\"\n                ],\n                \"path\": [\n                  \"content\",\n                  0,\n                  \"type\"\n                ],\n                \"message\": \"Invalid input: expected \\\"reasoning_text\\\"\"\n              },\n              {\n                \"expected\": \"array\",\n                \"code\": \"invalid_type\",\n                \"path\": [\n                  \"summary\"\n                ],\n                \"message\": \"Invalid input: expected array, received undefined\"\n              }\n            ],\n            [\n              {\n                \"code\": \"invalid_union\",\n                \"errors\": [\n                  [\n                    {\n                      \"code\": \"invalid_union\",\n                      \"errors\": [],\n                      \"note\": \"No matching discriminator\",\n                      \"discriminator\": \"type\",\n                      \"path\": [\n                        0,\n                        \"type\"\n                      ],\n                      \"message\": \"Invalid input\"\n                    }\n                  ],\n                  [\n                    {\n                      \"expected\": \"string\",\n                      \"code\": \"invalid_type\",\n                      \"path\": [],\n                      \"message\": \"Invalid input: expected string, received array\"\n                    }\n                  ]\n                ],\n                \"path\": [\n                  \"content\"\n                ],\n                \"message\": \"Invalid input\"\n              }\n            ],\n            [\n              {\n                \"code\": \"invalid_union\",\n                \"errors\": [\n                  [\n                    {\n                      \"code\": \"invalid_value\",\n                      \"values\": [\n                        \"user\"\n                      ],\n                      \"path\": [],\n                      \"message\": \"Invalid input: expected \\\"user\\\"\"\n                    }\n                  ],\n                  [\n                    {\n                      \"code\": \"invalid_value\",\n                      \"values\": [\n                        \"system\"\n                      ],\n                      \"path\": [],\n                      \"message\": \"Invalid input: expected \\\"system\\\"\"\n                    }\n                  ],\n                  [\n                    {\n                      \"code\": \"invalid_value\",\n                      \"values\": [\n                        \"developer\"\n                      ],\n                      \"path\": [],\n                      \"message\": \"Invalid input: expected \\\"developer\\\"\"\n                    }\n                  ]\n                ],\n                \"path\": [\n                  \"role\"\n                ],\n                \"message\": \"Invalid input\"\n              },\n              {\n                \"code\": \"invalid_union\",\n                \"errors\": [],\n                \"note\": \"No matching discriminator\",\n                \"discriminator\": \"type\",\n                \"path\": [\n                  \"content\",\n                  0,\n                  \"type\"\n                ],\n                \"message\": \"Invalid input\"\n              }\n            ],\n            [\n              {\n                \"code\": \"invalid_value\",\n                \"values\": [\n                  \"function_call\"\n                ],\n                \"path\": [\n                  \"type\"\n                ],\n                \"message\": \"Invalid input: expected \\\"function_call\\\"\"\n              },\n              {\n                \"expected\": \"string\",\n                \"code\": \"invalid_type\",\n                \"path\": [\n                  \"call_id\"\n                ],\n                \"message\": \"Invalid input: expected string, received undefined\"\n              },\n              {\n                \"expected\": \"string\",\n                \"code\": \"invalid_type\",\n                \"path\": [\n                  \"name\"\n                ],\n                \"message\": \"Invalid input: expected string, received undefined\"\n              },\n              {\n                \"expected\": \"string\",\n                \"code\": \"invalid_type\",\n                \"path\": [\n                  \"arguments\"\n                ],\n                \"message\": \"Invalid input: expected string, received undefined\"\n              },\n              {\n                \"expected\": \"string\",\n                \"code\": \"invalid_type\",\n                \"path\": [\n                  \"id\"\n                ],\n                \"message\": \"Invalid input: expected string, received undefined\"\n              }\n            ],\n            [\n              {\n                \"code\": \"invalid_value\",\n                \"values\": [\n                  \"function_call_output\"\n                ],\n                \"path\": [\n                  \"type\"\n                ],\n                \"message\": \"Invalid input: expected \\\"function_call_output\\\"\"\n              },\n              {\n                \"expected\": \"string\",\n                \"code\": \"invalid_type\",\n                \"path\": [\n                  \"call_id\"\n                ],\n                \"message\": \"Invalid input: expected string, received undefined\"\n              },\n              {\n                \"expected\": \"string\",\n                \"code\": \"invalid_type\",\n                \"path\": [\n                  \"output\"\n                ],\n                \"message\": \"Invalid input: expected string, received undefined\"\n              }\n            ],\n            [\n              {\n                \"code\": \"invalid_union\",\n                \"errors\": [\n                  [\n                    {\n                      \"code\": \"invalid_value\",\n                      \"values\": [\n                        \"message\"\n                      ],\n                      \"path\": [\n                        \"type\"\n                      ],\n                      \"message\": \"Invalid input: expected \\\"message\\\"\"\n                    }\n                  ],\n                  [\n                    {\n                      \"code\": \"invalid_value\",\n                      \"values\": [\n                        \"reasoning\"\n                      ],\n                      \"path\": [\n                        \"type\"\n                      ],\n                      \"message\": \"Invalid input: expected \\\"reasoning\\\"\"\n                    },\n                    {\n                      \"code\": \"invalid_value\",\n                      \"values\": [\n                        \"reasoning_text\"\n                      ],\n                      \"path\": [\n                        \"content\",\n                        0,\n                        \"type\"\n                      ],\n                      \"message\": \"Invalid input: expected \\\"reasoning_text\\\"\"\n                    },\n                    {\n                      \"expected\": \"array\",\n                      \"code\": \"invalid_type\",\n                      \"path\": [\n                        \"summary\"\n                      ],\n                      \"message\": \"Invalid input: expected array, received undefined\"\n                    }\n                  ],\n                  [\n                    {\n                      \"code\": \"invalid_value\",\n                      \"values\": [\n                        \"function_call\"\n                      ],\n                      \"path\": [\n                        \"type\"\n                      ],\n                      \"message\": \"Invalid input: expected \\\"function_call\\\"\"\n                    },\n                    {\n                      \"expected\": \"string\",\n                      \"code\": \"invalid_type\",\n                      \"path\": [\n                        \"name\"\n                      ],\n                      \"message\": \"Invalid input: expected string, received undefined\"\n                    },\n                    {\n                      \"expected\": \"string\",\n                      \"code\": \"invalid_type\",\n                      \"path\": [\n                        \"arguments\"\n                      ],\n                      \"message\": \"Invalid input: expected string, received undefined\"\n                    },\n                    {\n                      \"expected\": \"string\",\n                      \"code\": \"invalid_type\",\n                      \"path\": [\n                        \"call_id\"\n                      ],\n                      \"message\": \"Invalid input: expected string, received undefined\"\n                    }\n                  ],\n                  [\n                    {\n                      \"code\": \"invalid_value\",\n                      \"values\": [\n                        \"web_search_call\"\n                      ],\n                      \"path\": [\n                        \"type\"\n                      ],\n                      \"message\": \"Invalid input: expected \\\"web_search_call\\\"\"\n                    },\n                    {\n                      \"code\": \"invalid_value\",\n                      \"values\": [\n                        \"completed\",\n                        \"searching\",\n                        \"in_progress\",\n                        \"failed\"\n                      ],\n                      \"path\": [\n                        \"status\"\n                      ],\n                      \"message\": \"Invalid option: expected one of \\\"completed\\\"|\\\"searching\\\"|\\\"in_progress\\\"|\\\"failed\\\"\"\n                    }\n                  ],\n                  [\n                    {\n                      \"code\": \"invalid_value\",\n                      \"values\": [\n                        \"file_search_call\"\n                      ],\n                      \"path\": [\n                        \"type\"\n                      ],\n                      \"message\": \"Invalid input: expected \\\"file_search_call\\\"\"\n                    },\n                    {\n                      \"expected\": \"array\",\n                      \"code\": \"invalid_type\",\n                      \"path\": [\n                        \"queries\"\n                      ],\n                      \"message\": \"Invalid input: expected array, received undefined\"\n                    },\n                    {\n                      \"code\": \"invalid_value\",\n                      \"values\": [\n                        \"completed\",\n                        \"searching\",\n                        \"in_progress\",\n                        \"failed\"\n                      ],\n                      \"path\": [\n                        \"status\"\n                      ],\n                      \"message\": \"Invalid option: expected one of \\\"completed\\\"|\\\"searching\\\"|\\\"in_progress\\\"|\\\"failed\\\"\"\n                    }\n                  ],\n                  [\n                    {\n                      \"code\": \"invalid_value\",\n                      \"values\": [\n                        \"image_generation_call\"\n                      ],\n                      \"path\": [\n                        \"type\"\n                      ],\n                      \"message\": \"Invalid input: expected \\\"image_generation_call\\\"\"\n                    },\n                    {\n                      \"code\": \"invalid_value\",\n                      \"values\": [\n                        \"in_progress\",\n                        \"completed\",\n                        \"generating\",\n                        \"failed\"\n                      ],\n                      \"path\": [\n                        \"status\"\n                      ],\n                      \"message\": \"Invalid option: expected one of \\\"in_progress\\\"|\\\"completed\\\"|\\\"generating\\\"|\\\"failed\\\"\"\n                    }\n                  ]\n                ],\n                \"path\": [],\n                \"message\": \"Invalid input\"\n              }\n            ]\n          ],\n          \"path\": [\n            1\n          ],\n          \"message\": \"Invalid input\"\n        }\n      ]\n    ],\n    \"path\": [\n      \"input\"\n    ],\n    \"message\": \"Invalid input\"\n  }\n]"
    }
  }
}
